C51 COMPILER V9.01   MAIN                                                                  06/09/2018 14:00:10 PAGE 1   


C51 COMPILER V9.01, COMPILATION OF MODULE MAIN
OBJECT MODULE PLACED IN main.OBJ
COMPILER INVOKED BY: G:\C51V901\C51\BIN\C51.EXE main.c BROWSE DEBUG OBJECTEXTEND

line level    source

   1          /*******************************************************************************
   2          *                 
   3          *                                      普中科技
   4          --------------------------------------------------------------------------------
   5          * 实 验 名               : RS232串口试验
   6          * 实验说明       : 单片机将接收到的数据以10进制显示在LCD1602上面。
   7          * 连接方式       : 见连接图
   8          * 注    意               : 
   9          *******************************************************************************/
  10          
  11          #include<reg51.h>
  12          #include"lcd.h"
  13          #include <intrins.h>
  14          #define Data_SIZE 10
  15          
  16          sbit Key_Receive=P3^2;
  17          sbit Key_Send=P3^3;
  18          
  19          sbit dula=P2^6;
  20          sbit wela=P2^7;
  21          //--定义全局变量--//
  22          unsigned char code table[14] = "Received data:";
  23          unsigned flag,a;
  24          
  25          char RevBuf[Data_SIZE];      //数据接收缓冲区
  26          char temp[Data_SIZE];        //防数据抵消缓冲区
  27          unsigned char flished_flag=0; //数据接收符合要求标志
  28          int data_count=0;    //数据长度
  29          int temp_length;    //数据长度
  30          int data_flished_count = 0;  //
  31          char data_flished;           // 
  32          
  33          unsigned char states=0;
  34          //unsigned char   temp1;
  35          //unsigned char  dis_buf;            //显示缓存
  36          //unsigned char   num;
  37          
  38          //--声明全局函数--//       
  39          void UsartConfiguration();
  40          void SendData();
  41          void SendString(unsigned char *p);
  42          void SendChar(unsigned char Char);
  43          //unsigned char  key_scan(void);
  44          //void delay(int ms);
  45          /*******************************************************************************
  46          * 函 数 名         : main
  47          * 函数功能                 : 主函数
  48          * 输    入         : 无
  49          * 输    出         : 无
  50          *******************************************************************************/
  51          void main()
  52          {
  53   1      
  54   1              LCD1602_Init();
  55   1              LCD1602_Display(0x80,"Uart R/S System ",0,16);   
C51 COMPILER V9.01   MAIN                                                                  06/09/2018 14:00:10 PAGE 2   

  56   1              LCD1602_Display(0xc0,"  S4->R  S5->S  ",0,16);
  57   1              UsartConfiguration();
  58   1              states=0;
  59   1              dula=0;
  60   1              wela=0;
  61   1              while(1)
  62   1              {
  63   2                 if(Key_Receive==0&&Key_Send!=0)
  64   2                 {
  65   3                      Delayms(2);
  66   3                              if(Key_Receive==0&&Key_Send!=0)
  67   3                              {
  68   4                                      states=1;
  69   4                              }
  70   3                 }
  71   2                 else if (Key_Receive!=0&&Key_Send==0)
  72   2                 {
  73   3                          Delayms(2);
  74   3                              if (Key_Receive!=0&&Key_Send==0)
  75   3                              {
  76   4                                      states=2;
  77   4                              }                 
  78   3                 }
  79   2                 else
  80   2                 {
  81   3                       Delayms(2);
  82   3                              if (Key_Receive==0&&Key_Send==0)
  83   3                              {
  84   4                                      states=0;
  85   4                              }
  86   3                 }
  87   2      
  88   2                switch(states)
  89   2                {
  90   3                  case 1:
  91   3                              LCD1602_Display(0x80,"R char[ ] '!'end",0,16);
  92   3                              LCD1602_Display(0xc0,"                ",0,16);  
  93   3                              LCD1602_Display(0xc0,RevBuf,0,temp_length);
  94   3                              Delayms(100);
  95   3              break;
  96   3                      
  97   3                      case 2:
  98   3                               LCD1602_Display(0x80,"S char[2]'0->99'",0,16);
  99   3                               LCD1602_Display(0xc0,"                ",0,16);
 100   3                               SendData(); 
 101   3                               states=0;
 102   3                               Delayms(10);
 103   3                      break;
 104   3                      default:
 105   3                              LCD1602_Display(0x80,"Uart R/S System ",0,16);   
 106   3                              LCD1602_Display(0xc0,"  S4->R  S5->S  ",0,16);
 107   3                      break;
 108   3                }
 109   2      
 110   2              
 111   2      
 112   2      
 113   2      
 114   2              }
 115   1      }
 116          /*******************************************************************************
 117          * 函 数 名         :UsartConfiguration()
C51 COMPILER V9.01   MAIN                                                                  06/09/2018 14:00:10 PAGE 3   

 118          * 函数功能                 :设置串口
 119          * 输    入         : 无
 120          * 输    出         : 无
 121          *******************************************************************************/
 122          
 123          void UsartConfiguration()
 124          {
 125   1              TMOD=0x20;
 126   1              TH1=0xFD;
 127   1              TL1=0xFD;
 128   1              TR1=1;
 129   1              REN=1;
 130   1              SM0=0;
 131   1              SM1=1;
 132   1              EA=1;
 133   1              ES=1;   
 134   1      }
 135          void UART_One_Interrupt_Receive(void) interrupt 4
 136          {
 137   1              unsigned char temp;
 138   1              if(RI==1)
 139   1          {
 140   2              RI=0;
 141   2              temp=SBUF;
 142   2              if(temp!='!') //判断是否接收到结束符
 143   2              {
 144   3                  RevBuf[data_count]=temp;// 否，就存到RevBuf【】数组中
 145   3                  data_count++;
 146   3              }
 147   2              else
 148   2              {
 149   3                  temp_length=data_count;//是，记录其数据长度
 150   3                  data_count=0;
 151   3              }
 152   2              
 153   2          }
 154   1      }
 155          
 156          void  SendString(unsigned char *p)  
 157          {  
 158   1          while(*p)  
 159   1          {  
 160   2              SendChar(*p);  
 161   2              p++;  
 162   2          }  
 163   1      }  
 164          void SendChar(unsigned char Char)  
 165          {     
 166   1          SBUF=Char;  
 167   1          while(!TI);  
 168   1          TI=0;  
 169   1      } 
 170          void SendData()
 171          {
 172   1          static unsigned char number=0;
 173   1          char str[2]="  ";
 174   1              while(1)
 175   1              {
 176   2                  Delayms(100);
 177   2                      number++;
 178   2                      if(number>=100)
 179   2                      {
C51 COMPILER V9.01   MAIN                                                                  06/09/2018 14:00:10 PAGE 4   

 180   3                              number=0;
 181   3                      }
 182   2                      if(number>=0&&number<100)
 183   2                      {
 184   3                           //键值入显示缓存
 185   3      
 186   3                      if(number>=0&&number<=9)
 187   3                        {
 188   4                               str[0]=' ';
 189   4                               str[1]=number+'0';
 190   4                        }               
 191   3                      if(number>=10&&number<=99)
 192   3                         {
 193   4                               str[0]=number/10+'0';
 194   4                               str[1]=number%10+'0';
 195   4                         }
 196   3                      
 197   3                              SendString(str);
 198   3                          LCD1602_Display(0xc6,str,0,2);      
 199   3                      }
 200   2      
 201   2                      if(Key_Receive==0&&Key_Send!=0)
 202   2                 {
 203   3                      Delayms(2);
 204   3                              if(Key_Receive==0&&Key_Send!=0)
 205   3                              {
 206   4                                      states=1;
 207   4                                      break;
 208   4                              }
 209   3      
 210   3                      if(Key_Receive==0&&Key_Send!=0)
 211   3                  {
 212   4                          Delayms(2);
 213   4                              if(Key_Receive==0&&Key_Send==0)
 214   4                              {
 215   5                                      states=0;
 216   5                                      break;
 217   5                              }
 218   4                      }
 219   3                 }
 220   2              }
 221   1      
 222   1      }
 223          
 224          //unsigned char key_scan(void) //键盘扫描
 225          //{
 226          //      num=16;//16表示没按键输入
 227          //      P1=0xfe; //扫描第一行
 228          //      temp1=P1;
 229          //      temp1&=0xf0;
 230          //      if(temp1!=0xf0) //检测有按键按下
 231          //      {
 232          //              Delayms(5);
 233          //              temp1=P1;
 234          //              temp1&=0xf0;
 235          //              if(temp1!=0xf0)
 236          //              {
 237          //                      temp1=P1;
 238          //                      switch(temp1)     //判断按下是哪一个按键
 239          //                      {
 240          //                              case 0xee:num=1;
 241          //                                      break;
C51 COMPILER V9.01   MAIN                                                                  06/09/2018 14:00:10 PAGE 5   

 242          //                              case 0xde:num=2;
 243          //                                      break;
 244          //                              case 0xbe:num=3;
 245          //                                      break;
 246          //                              case 0x7e:num=12;
 247          //                                      break;
 248          //                      }
 249          //                      while(temp1!=0xf0)
 250          //                      {
 251          //                              temp1=P1;
 252          //                              temp1&=0xf0;    
 253          //                      }
 254          //              }
 255          //      }
 256          //
 257          //      P1=0xfd;        //扫描第二行
 258          //      temp1=P1;
 259          //      temp1&=0xf0;
 260          //      if(temp1!=0xf0)
 261          //      {
 262          //              Delayms(5);
 263          //              temp1=P1;
 264          //              temp1&=0xf0;
 265          //              if(temp1!=0xf0)
 266          //              {
 267          //                      temp1=P1;
 268          //                      switch(temp1)
 269          //                      {
 270          //                              case 0xed:num=4;
 271          //                                      break;
 272          //                              case 0xdd:num=5;
 273          //                                      break;
 274          //                              case 0xbd:num=6;
 275          //                                      break;
 276          //                              case 0x7d:num=13;
 277          //                                      break;
 278          //                      }
 279          //                      while(temp1!=0xf0)
 280          //                      {
 281          //                              temp1=P1;
 282          //                              temp1&=0xf0;    
 283          //                      }       
 284          //              }
 285          //      }
 286          //
 287          //      P1=0xfb;         //扫描第三行
 288          //      temp1=P1;
 289          //      temp1&=0xf0;
 290          //      if(temp1!=0xf0)
 291          //      {
 292          //              Delayms(5);
 293          //              temp1=P1;
 294          //              temp1&=0xf0;
 295          //              if(temp1!=0xf0)
 296          //              {
 297          //                      temp1=P1;
 298          //                      switch(temp1)
 299          //                      {
 300          //                              case 0xeb:num=7;
 301          //                                      break;
 302          //                              case 0xdb:num=8;
 303          //                                      break;
C51 COMPILER V9.01   MAIN                                                                  06/09/2018 14:00:10 PAGE 6   

 304          //                              case 0xbb:num=9;
 305          //                                      break;   
 306          //                              case 0x7b:num=14;
 307          //                                      break;
 308          //                      }
 309          //                      while(temp!=0xf0)
 310          //                      {
 311          //                              temp1=P1;
 312          //                              temp1&=0xf0;    
 313          //                      }       
 314          //              }
 315          //      }
 316          //
 317          //      P1=0xf7;          //扫描第四行
 318          //      temp1=P1;
 319          //      temp1&=0xf0;
 320          //      if(temp1!=0xf0)
 321          //      {
 322          //              Delayms(5);
 323          //              temp1=P1;
 324          //              temp1&=0xf0;
 325          //              if(temp1!=0xf0)
 326          //              {
 327          //                      temp1=P1;
 328          //                      switch(temp1)
 329          //                      {
 330          //                              case 0xe7:num=0;
 331          //                                      break;
 332          //                              case 0xd7:num=10;
 333          //                                      break;
 334          //                              case 0xb7:num=11;
 335          //                                      break;
 336          //                              case 0x77:num=15;
 337          //                                      break;
 338          //                      }
 339          //                      while(temp1!=0xf0)
 340          //                      {
 341          //                              temp1=P1;
 342          //                              temp1&=0xf0;    
 343          //                      }       
 344          //              }
 345          //      }
 346          //      return num;        //返回按键对应编号
 347          //}
 348          //void delay(int ms)
 349          //{                    //延时子程序
 350          //int i;
 351          //while(ms--)
 352          //{
 353          //  for(i = 0; i< 250; i++)
 354          //  {
 355          //   _nop_();     //空执行
 356          //   _nop_();
 357          //   _nop_();
 358          //   _nop_();
 359          //  }
 360          //}
 361          //}


MODULE INFORMATION:   STATIC OVERLAYABLE
   CODE SIZE        =    583    ----
C51 COMPILER V9.01   MAIN                                                                  06/09/2018 14:00:10 PAGE 7   

   CONSTANT SIZE    =    101    ----
   XDATA SIZE       =   ----    ----
   PDATA SIZE       =   ----    ----
   DATA SIZE        =     34       5
   IDATA SIZE       =   ----    ----
   BIT SIZE         =   ----    ----
END OF MODULE INFORMATION.


C51 COMPILATION COMPLETE.  0 WARNING(S),  0 ERROR(S)
